dafdfadsfsaf
fadfdafds
